使用参数 K_L=35, K_P=7（默认（--skip-tuning））

回测 2025-01-01 → 2025-12-31（2025-02-01 起计入结果）
  [2025-03-01] 已完成 60 天，用时 79.7s
  [2025-03-31] 已完成 90 天，用时 156.1s
  [2025-04-30] 已完成 120 天，用时 231.7s
  [2025-05-30] 已完成 150 天，用时 303.6s
  [2025-06-29] 已完成 180 天，用时 378.2s
  [2025-07-29] 已完成 210 天，用时 450.8s
  [2025-08-28] 已完成 240 天，用时 524.7s
  [2025-09-27] 已完成 270 天，用时 593.0s
  [2025-10-27] 已完成 300 天，用时 661.3s
  [2025-11-26] 已完成 330 天，用时 734.7s
  [2025-12-26] 已完成 360 天，用时 811.2s

已写出 results/m30/result2_48h.xlsx（334 行）

=== 2025-03-20 ===
表 1 计划购电量（kWh）
   10:00-10:10        0.00
   12:00-12:10      442.06
   14:00-14:10        0.00
   16:00-16:10      480.48
   18:00-18:10      658.08
   20:00-20:10        0.00
         全天购电量    59036.55
         全天购电费    43616.60 元（计划 37029.99 + 紧急 6586.61）
表 2 充放电量与储电量（kWh，执行值）
           时间段         充电量         放电量
     0:00-4:00      906.77      135.81
     4:00-8:00      992.84     5286.35
    8:00-12:00     5055.23     2777.38
   12:00-16:00     4393.05      128.36
   16:00-20:00       63.99     5304.87
   20:00-24:00     2992.97     2684.05
      0:00 储电量     8999.03
     24:00 储电量     3833.60
表 3 紧急购电量（kWh）
   14:40-15:00      130.55
   15:10-17:20      569.04
   17:50-18:50      198.23
   20:10-20:50      321.35
   21:20-21:40       41.28
（对照）点预测解的充放电量与 24:00 储电量
     0:00-4:00     1167.75        0.00
     4:00-8:00      833.33     6092.62
    8:00-12:00     5695.05     2547.38
   12:00-16:00     5189.25      176.28
   16:00-20:00        0.00     5769.80
   20:00-24:00     3488.33     2870.20
     24:00 储电量     4339.50

=== 2025-06-21 ===
表 1 计划购电量（kWh）
   10:00-10:10        0.00
   12:00-12:10        0.00
   14:00-14:10        0.00
   16:00-16:10      117.92
   18:00-18:10      353.55
   20:00-20:10        0.00
         全天购电量    39461.83
         全天购电费    22944.28 元（计划 22318.80 + 紧急 625.48）
表 2 充放电量与储电量（kWh，执行值）
           时间段         充电量         放电量
     0:00-4:00       77.92      604.80
     4:00-8:00     1117.43     1790.50
    8:00-12:00    10322.21        0.00
   12:00-16:00        0.00        0.00
   16:00-20:00        4.20     4931.02
   20:00-24:00     7410.01     2521.67
      0:00 储电量     3095.64
     24:00 储电量     9192.02
表 3 紧急购电量（kWh）
     5:40-5:50       11.39
     6:50-7:20      145.09
（对照）点预测解的充放电量与 24:00 储电量
     0:00-4:00        0.00        0.00
     4:00-8:00        0.00     1706.08
    8:00-12:00     2784.05        0.00
   12:00-16:00     7882.61        0.00
   16:00-20:00        0.00     6185.87
   20:00-24:00     8166.67     2454.13
     24:00 储电量     8550.00

=== 2025-09-23 ===
表 1 计划购电量（kWh）
   10:00-10:10        0.00
   12:00-12:10      332.53
   14:00-14:10        0.00
   16:00-16:10      564.95
   18:00-18:10      721.61
   20:00-20:10       53.69
         全天购电量    66361.21
         全天购电费    42715.51 元（计划 42715.51 + 紧急 0.00）
表 2 充放电量与储电量（kWh，执行值）
           时间段         充电量         放电量
     0:00-4:00     3219.44       22.70
     4:00-8:00     1342.80     4553.29
    8:00-12:00     3717.29     1896.62
   12:00-16:00     4169.04      605.91
   16:00-20:00      135.82     5748.32
   20:00-24:00     5645.78     2479.17
      0:00 储电量     6918.73
     24:00 储电量     6319.21
表 3 紧急购电量（kWh）
  （当日无紧急购电）
（对照）点预测解的充放电量与 24:00 储电量
     0:00-4:00     3479.19        0.00
     4:00-8:00      833.33     6718.81
    8:00-12:00     5208.10     1921.19
   12:00-16:00     5507.17       39.36
   16:00-20:00        0.00     5633.61
   20:00-24:00     8166.67     3006.39
     24:00 储电量     8550.00

=== 2025-12-21 ===
表 1 计划购电量（kWh）
   10:00-10:10        0.00
   12:00-12:10      875.22
   14:00-14:10        0.00
   16:00-16:10      861.68
   18:00-18:10      681.63
   20:00-20:10        0.00
         全天购电量    96407.68
         全天购电费    62664.80 元（计划 62664.80 + 紧急 0.00）
表 2 充放电量与储电量（kWh，执行值）
           时间段         充电量         放电量
     0:00-4:00     1745.24       97.99
     4:00-8:00     1657.03     1547.35
    8:00-12:00     5121.14     6300.22
   12:00-16:00     6511.04     2391.08
   16:00-20:00       12.15     5389.74
   20:00-24:00     8385.19     2856.67
      0:00 储电量     8754.14
     24:00 储电量     9194.93
表 3 紧急购电量（kWh）
  （当日无紧急购电）
（对照）点预测解的充放电量与 24:00 储电量
     0:00-4:00     1439.84        0.00
     4:00-8:00     1666.67     1508.33
    8:00-12:00     5833.33     7806.67
   12:00-16:00     8022.06     2582.87
   16:00-20:00        0.00     5697.24
   20:00-24:00     8166.67     2942.76
     24:00 储电量     8550.00

—— 2025-02-01→2025-12-31 汇总（334 天）——
  总费用         13529635.25 元
    计划购电费   12747360.20 元
    紧急购电费     782275.05 元
  计划购电量     20569705.37 kWh
  紧急购电量       143233.08 kWh（占计划购电量 0.696%）
  发生紧急购电的天数  111 / 334
  24:00 储电量均值    7200.17 kWh

求解用时 824.3s，总运行时间 825.3s
