使用参数 K_L=6, K_P=7（论文基线默认）

回测 2025-01-01 → 2025-12-31（2025-02-01 起计入结果），预报时刻 (0, 6, 12, 18)
  [2025-03-01] 已完成 60 天，
  [2025-03-31] 已完成 90 天，
  [2025-04-30] 已完成 120 天，
  [2025-05-30] 已完成 150 天，
  [2025-06-29] 已完成 180 天，
  [2025-07-29] 已完成 210 天，
  [2025-08-28] 已完成 240 天，
  [2025-09-27] 已完成 270 天，
  [2025-10-27] 已完成 300 天，
  [2025-11-26] 已完成 330 天，
  [2025-12-26] 已完成 360 天，
  用时 1699.6s

已写出 results/m30/result3_061218.xlsx（334 行）

=== 2025-03-20 ===
表 1 购电量（kWh）
           时间段         计划购电量         调整购电量
   10:00-10:10          0.00          0.00
   12:00-12:10        518.15        518.15
   14:00-14:10          0.00          0.00
   16:00-16:10        545.70        545.70
   18:00-18:10        658.00        664.50
   20:00-20:10          0.00          0.00
         全天购电量      65852.03      65672.76
         全天购电费      42775.53 元（计划 39645.66 + 减购违约 248.81 + 增购 878.48 + 紧急 2002.57）
表 2 充放电量与储电量（kWh，执行值）
           时间段         充电量         放电量
     0:00-4:00      163.39      372.85
     4:00-8:00      853.46     5865.29
    8:00-12:00     4210.98     2644.80
   12:00-16:00     6053.69      221.56
   16:00-20:00      147.48     5376.58
   20:00-24:00     9672.15     2885.23
      0:00 储电量    10154.77
     24:00 储电量     9849.92
表 3 紧急购电量（kWh）
    9:20-10:00      132.58
   14:40-14:50       33.17
   15:50-16:20       34.95
   16:40-17:00       31.62
   20:10-20:50      105.93
   21:20-21:40       43.35

=== 2025-06-21 ===
表 1 购电量（kWh）
           时间段         计划购电量         调整购电量
   10:00-10:10          0.00          0.00
   12:00-12:10          0.00          0.00
   14:00-14:10          0.00          0.00
   16:00-16:10        158.03        143.44
   18:00-18:10        294.69        294.69
   20:00-20:10          0.00          0.00
         全天购电量      34523.93      34496.65
         全天购电费      20629.96 元（计划 20131.19 + 减购违约 11.44 + 增购 0.00 + 紧急 487.33）
表 2 充放电量与储电量（kWh，执行值）
           时间段         充电量         放电量
     0:00-4:00       37.60     2635.35
     4:00-8:00      354.67     4779.30
    8:00-12:00    10322.21        0.00
   12:00-16:00        0.00        0.00
   16:00-20:00        6.59     4984.47
   20:00-24:00     8296.77     2523.72
      0:00 储电量     9395.47
     24:00 储电量     9930.59
表 3 紧急购电量（kWh）
     6:50-7:20      119.74

=== 2025-09-23 ===
表 1 购电量（kWh）
           时间段         计划购电量         调整购电量
   10:00-10:10          0.00          0.00
   12:00-12:10        351.77        341.26
   14:00-14:10          0.00          0.00
   16:00-16:10        607.38        594.62
   18:00-18:10        738.85        738.85
   20:00-20:10         53.69         53.69
         全天购电量      67138.88      66231.54
         全天购电费      42908.50 元（计划 42644.71 + 减购违约 263.79 + 增购 0.00 + 紧急 0.00）
表 2 充放电量与储电量（kWh，执行值）
           时间段         充电量         放电量
     0:00-4:00     3360.26       45.81
     4:00-8:00     1126.44     5080.10
    8:00-12:00     3800.56     1896.62
   12:00-16:00     5164.47      403.62
   16:00-20:00        9.85     5689.91
   20:00-24:00     5612.81     2437.91
      0:00 储电量     6944.73
     24:00 储电量     6829.49
表 3 紧急购电量（kWh）
  （当日无紧急购电）

=== 2025-12-21 ===
表 1 购电量（kWh）
           时间段         计划购电量         调整购电量
   10:00-10:10          0.00          0.00
   12:00-12:10        909.40        924.62
   14:00-14:10          0.00          0.00
   16:00-16:10        843.68        882.64
   18:00-18:10        681.63        681.63
   20:00-20:10          0.00          0.00
         全天购电量      96609.02      96111.49
         全天购电费      62747.78 元（计划 61456.23 + 减购违约 549.93 + 增购 741.62 + 紧急 0.00）
表 2 充放电量与储电量（kWh，执行值）
           时间段         充电量         放电量
     0:00-4:00      756.96       83.70
     4:00-8:00     1534.98     1602.88
    8:00-12:00     5040.31     7015.16
   12:00-16:00     7371.17     2267.31
   16:00-20:00       12.15     5512.08
   20:00-24:00     9594.57     2862.31
      0:00 储电量     9754.76
     24:00 储电量    10141.17
表 3 紧急购电量（kWh）
  （当日无紧急购电）

—— 2025-02-01→2025-12-31 汇总（334 天，预报时刻 0,6,12,18）——
  总费用           13024596.85 元
    计划费         12528240.61 元  = Σ p·min(G⁰,Gᵃ)
    减购违约费       121262.20 元  = Σ 0.5p·(G⁰−Gᵃ)⁺
    增购费           183018.54 元  = Σ 1.5p·(Gᵃ−G⁰)⁺
    紧急购电费       192075.49 元  = Σ 5p·E
  计划购电量       20681725.37 kWh
  实际购电量       20480883.84 kWh（Σ Gᵃ）
  紧急购电量          39811.75 kWh（占计划购电量 0.192%）
  平均每段调整量         12.04 kWh
  调整相关净费用      61756.34 元（购电侧 12832521.36 − 不调整基准 Σp·G⁰ 12770765.02）
  发生紧急购电的天数  84 / 334
  24:00 储电量均值    9228.94 kWh

总运行时间 1701.0s
