使用参数 K_L=6, K_P=7（论文基线默认）

回测 2025-01-01 → 2025-12-31（2025-02-01 起计入结果），预报时刻 (0,)
  [2025-03-01] 已完成 60 天，
  [2025-03-31] 已完成 90 天，
  [2025-04-30] 已完成 120 天，
  [2025-05-30] 已完成 150 天，
  [2025-06-29] 已完成 180 天，
  [2025-07-29] 已完成 210 天，
  [2025-08-28] 已完成 240 天，
  [2025-09-27] 已完成 270 天，
  [2025-10-27] 已完成 300 天，
  [2025-11-26] 已完成 330 天，
  [2025-12-26] 已完成 360 天，
  用时 610.8s

已写出 results/m30/result3_0.xlsx（334 行）

=== 2025-03-20 ===
表 1 购电量（kWh）
           时间段         计划购电量         调整购电量
   10:00-10:10          0.00          0.00
   12:00-12:10        518.15        518.15
   14:00-14:10          0.00          0.00
   16:00-16:10        545.70        545.70
   18:00-18:10        658.00        658.00
   20:00-20:10          0.00          0.00
         全天购电量      66118.95      66118.95
         全天购电费      41676.39 元（计划 40258.90 + 减购违约 0.00 + 增购 0.00 + 紧急 1417.50）
表 2 充放电量与储电量（kWh，执行值）
           时间段         充电量         放电量
     0:00-4:00      241.48      265.92
     4:00-8:00      893.41     5822.37
    8:00-12:00     5212.88     2647.08
   12:00-16:00     5362.40      270.86
   16:00-20:00      145.92     5557.03
   20:00-24:00     9672.15     2905.80
      0:00 储电量     9884.57
     24:00 储电量     9849.92
表 3 紧急购电量（kWh）
    9:20-10:00      130.30
   20:10-20:50       89.15
   21:20-21:40       40.28

=== 2025-06-21 ===
表 1 购电量（kWh）
           时间段         计划购电量         调整购电量
   10:00-10:10          0.00          0.00
   12:00-12:10          0.00          0.00
   14:00-14:10          0.00          0.00
   16:00-16:10        158.03        158.03
   18:00-18:10        294.69        294.69
   20:00-20:10          0.00          0.00
         全天购电量      34523.93      34523.93
         全天购电费      20641.40 元（计划 20154.07 + 减购违约 0.00 + 增购 0.00 + 紧急 487.33）
表 2 充放电量与储电量（kWh，执行值）
           时间段         充电量         放电量
     0:00-4:00       37.60     2635.35
     4:00-8:00      354.67     4779.30
    8:00-12:00    10322.21        0.00
   12:00-16:00        0.00        0.00
   16:00-20:00        6.59     4984.47
   20:00-24:00     8296.77     2523.72
      0:00 储电量     9395.47
     24:00 储电量     9930.59
表 3 紧急购电量（kWh）
     6:50-7:20      119.74

=== 2025-09-23 ===
表 1 购电量（kWh）
           时间段         计划购电量         调整购电量
   10:00-10:10          0.00          0.00
   12:00-12:10        351.77        351.77
   14:00-14:10          0.00          0.00
   16:00-16:10        607.38        607.38
   18:00-18:10        738.85        738.85
   20:00-20:10         53.69         53.69
         全天购电量      67138.88      67138.88
         全天购电费      43172.29 元（计划 43172.29 + 减购违约 0.00 + 增购 0.00 + 紧急 0.00）
表 2 充放电量与储电量（kWh，执行值）
           时间段         充电量         放电量
     0:00-4:00     3360.26       45.81
     4:00-8:00     1126.44     5080.10
    8:00-12:00     3800.56     1896.62
   12:00-16:00     5164.47      403.62
   16:00-20:00        8.38     5688.72
   20:00-24:00     5612.81     2437.91
      0:00 储电量     6944.73
     24:00 储电量     6829.49
表 3 紧急购电量（kWh）
  （当日无紧急购电）

=== 2025-12-21 ===
表 1 购电量（kWh）
           时间段         计划购电量         调整购电量
   10:00-10:10          0.00          0.00
   12:00-12:10        909.40        909.40
   14:00-14:10          0.00          0.00
   16:00-16:10        843.68        843.68
   18:00-18:10        681.63        681.63
   20:00-20:10          0.00          0.00
         全天购电量      96609.02      96609.02
         全天购电费      62556.09 元（计划 62556.09 + 减购违约 0.00 + 增购 0.00 + 紧急 0.00）
表 2 充放电量与储电量（kWh，执行值）
           时间段         充电量         放电量
     0:00-4:00      756.96       83.70
     4:00-8:00     1504.77     1560.13
    8:00-12:00     5325.70     6263.65
   12:00-16:00     6228.56     2342.75
   16:00-20:00       12.15     5434.70
   20:00-24:00     9594.57     2862.31
      0:00 储电量     9754.76
     24:00 储电量    10227.15
表 3 紧急购电量（kWh）
  （当日无紧急购电）

—— 2025-02-01→2025-12-31 汇总（334 天，预报时刻 0）——
  总费用           13351182.68 元
    计划费         12771937.04 元  = Σ p·min(G⁰,Gᵃ)
    减购违约费            0.00 元  = Σ 0.5p·(G⁰−Gᵃ)⁺
    增购费                0.00 元  = Σ 1.5p·(Gᵃ−G⁰)⁺
    紧急购电费       579245.64 元  = Σ 5p·E
  计划购电量       20684503.42 kWh
  实际购电量       20684503.42 kWh（Σ Gᵃ）
  紧急购电量         108066.78 kWh（占计划购电量 0.522%）
  平均每段调整量          0.00 kWh
  调整相关净费用          0.00 元（购电侧 12771937.04 − 不调整基准 Σp·G⁰ 12771937.04）
  发生紧急购电的天数  129 / 334
  24:00 储电量均值    9222.22 kWh

总运行时间 612.7s
