使用参数 K_p=35（论文基线默认）

K_L=6, K_P=7，M=30，电价模式=baseline

问 4-2 回测 2025-01-01 → 2025-12-31（2025-02-01 起计入结果）
  [2025-03-01] 已完成 60 天，用时 129.5s
  [2025-03-31] 已完成 90 天，用时 262.3s
  [2025-04-30] 已完成 120 天，用时 382.8s
  [2025-05-30] 已完成 150 天，用时 502.2s
  [2025-06-29] 已完成 180 天，用时 628.9s
  [2025-07-29] 已完成 210 天，用时 744.7s
  [2025-08-28] 已完成 240 天，用时 854.2s
  [2025-09-27] 已完成 270 天，用时 953.4s
  [2025-10-27] 已完成 300 天，用时 1057.2s
  [2025-11-26] 已完成 330 天，用时 1170.6s
  [2025-12-26] 已完成 360 天，用时 1285.0s
  用时 1304.0s

已写出 results/m30/result4-2_baseline.xlsx（334 行）

=== 2025-03-20 ===
表 1 计划购电量（kWh）
   10:00-10:10        0.00
   12:00-12:10      442.06
   14:00-14:10        0.00
   16:00-16:10      480.48
   18:00-18:10        0.00
   20:00-20:10      679.40
         全天购电量    64763.86
         全天购电费    46410.84 元（计划 40215.86 + 紧急 6194.97）
表 2 充放电量与储电量（kWh，执行值）
           时间段         充电量         放电量
     0:00-4:00      212.95      258.83
     4:00-8:00     1093.66     5810.40
    8:00-12:00     5169.09     2777.38
   12:00-16:00     4409.65      246.67
   16:00-20:00       44.35     6447.10
   20:00-24:00     9826.15     1505.82
      0:00 储电量    10251.62
     24:00 储电量     9991.66
表 3 紧急购电量（kWh）
   14:40-15:00       12.24
   15:20-17:30      566.80
   17:50-18:00       69.83
   19:10-20:20      450.00
   20:30-20:50       13.93
   21:20-21:40       48.45
（对照）点预测解的充放电量与 24:00 储电量
     0:00-4:00        0.00        0.00
     4:00-8:00      609.31     6092.62
    8:00-12:00     5695.05     2547.38
   12:00-16:00     5189.25      176.28
   16:00-20:00        0.00     6381.76
   20:00-24:00    10666.67     2258.24
     24:00 储电量    10800.00

=== 2025-06-21 ===
表 1 计划购电量（kWh）
   10:00-10:10        0.00
   12:00-12:10        0.00
   14:00-14:10        0.00
   16:00-16:10      120.31
   18:00-18:10      382.00
   20:00-20:10        0.00
         全天购电量    33584.75
         全天购电费    17803.60 元（计划 17383.51 + 紧急 420.09）
表 2 充放电量与储电量（kWh，执行值）
           时间段         充电量         放电量
     0:00-4:00       30.90     1015.18
     4:00-8:00     1186.75     1635.61
    8:00-12:00    10322.21        0.00
   12:00-16:00        0.00        0.00
   16:00-20:00        0.00     4955.30
   20:00-24:00     1767.44     2540.02
      0:00 储电量     3359.45
     24:00 储电量     4062.55
表 3 紧急购电量（kWh）
     5:40-5:50       39.94
     6:30-6:50       42.83
     7:00-7:20       71.13
（对照）点预测解的充放电量与 24:00 储电量
     0:00-4:00        0.00     1001.76
     4:00-8:00      833.33     1616.75
    8:00-12:00     2784.05        0.00
   12:00-16:00     7882.61        0.00
   16:00-20:00        0.00     6185.87
   20:00-24:00      833.33     2454.13
     24:00 储电量     1950.00

=== 2025-09-23 ===
表 1 计划购电量（kWh）
   10:00-10:10        0.00
   12:00-12:10      481.16
   14:00-14:10        0.00
   16:00-16:10      560.42
   18:00-18:10        0.00
   20:00-20:10       53.69
         全天购电量    66843.25
         全天购电费    44649.18 元（计划 44649.18 + 紧急 0.00）
表 2 充放电量与储电量（kWh，执行值）
           时间段         充电量         放电量
     0:00-4:00     3786.03        0.00
     4:00-8:00     2068.72     5314.28
    8:00-12:00     3958.31     1896.62
   12:00-16:00     4396.50      617.93
   16:00-20:00      100.88     6441.60
   20:00-24:00     4807.17     1742.55
      0:00 储电量     6132.98
     24:00 储电量     5546.63
表 3 紧急购电量（kWh）
  （当日无紧急购电）
（对照）点预测解的充放电量与 24:00 储电量
     0:00-4:00     1852.24        0.00
     4:00-8:00     3333.33     6718.81
    8:00-12:00     5208.10     1921.19
   12:00-16:00     5507.17       39.36
   16:00-20:00        0.00     5633.61
   20:00-24:00        0.00     3006.39
     24:00 储电量     1200.00

=== 2025-12-21 ===
表 1 计划购电量（kWh）
   10:00-10:10        0.00
   12:00-12:10      875.22
   14:00-14:10        0.00
   16:00-16:10      861.68
   18:00-18:10      704.85
   20:00-20:10        0.00
         全天购电量    96539.74
         全天购电费    73596.64 元（计划 73596.64 + 紧急 0.00）
表 2 充放电量与储电量（kWh，执行值）
           时间段         充电量         放电量
     0:00-4:00     1148.46      115.45
     4:00-8:00      129.07      774.22
    8:00-12:00     4886.98     6341.42
   12:00-16:00     6906.28     2480.35
   16:00-20:00       11.42     5246.41
   20:00-24:00     9665.48     2856.67
      0:00 储电量     9826.79
     24:00 储电量    10505.79
表 3 紧急购电量（kWh）
  （当日无紧急购电）
（对照）点预测解的充放电量与 24:00 储电量
     0:00-4:00      833.33        0.00
     4:00-8:00      248.01      833.33
    8:00-12:00     5833.33     7806.67
   12:00-16:00     8022.06     2582.87
   16:00-20:00        0.00     5697.24
   20:00-24:00    10666.67     2942.76
     24:00 储电量    10800.00

—— 问 4-2 2025-02-01→2025-12-31 汇总（334 天）——
  总费用         14270606.71 元
    计划购电费   13483682.02 元
    紧急购电费     786924.69 元
  计划购电量     20640197.48 kWh
  紧急购电量       137553.82 kWh（占计划购电量 0.666%）
  发生紧急购电的天数  108 / 334
  24:00 储电量均值    7400.45 kWh

问 4-3 回测 2025-01-01 → 2025-12-31（2025-02-01 起计入结果）
  [2025-03-01] 已完成 60 天，
  [2025-03-31] 已完成 90 天，
  [2025-04-30] 已完成 120 天，
  [2025-05-30] 已完成 150 天，
  [2025-06-29] 已完成 180 天，
  [2025-07-29] 已完成 210 天，
  [2025-08-28] 已完成 240 天，
  [2025-09-27] 已完成 270 天，
  [2025-10-27] 已完成 300 天，
  [2025-11-26] 已完成 330 天，
  [2025-12-26] 已完成 360 天，
  用时 1691.4s

已写出 results/m30/result4-3_baseline.xlsx（334 行）

=== 2025-03-20 ===
表 1 购电量（kWh）
           时间段         计划购电量         调整购电量
   10:00-10:10          0.00          0.00
   12:00-12:10        530.62        530.62
   14:00-14:10          0.00          0.00
   16:00-16:10        539.23        539.23
   18:00-18:10          0.00          0.00
   20:00-20:10        679.40        679.40
         全天购电量      65868.28      65697.34
         全天购电费      43209.38 元（计划 40709.93 + 减购违约 139.85 + 增购 395.63 + 紧急 1963.97）
表 2 充放电量与储电量（kWh，执行值）
           时间段         充电量         放电量
     0:00-4:00      245.29      231.49
     4:00-8:00      417.37     5844.77
    8:00-12:00     4771.41     2612.83
   12:00-16:00     5639.52      260.46
   16:00-20:00      139.55     6790.37
   20:00-24:00     9804.77     1541.98
      0:00 储电量    10258.16
     24:00 储电量     9972.14
表 3 紧急购电量（kWh）
    9:20-10:00      164.54
   15:50-16:20       36.52
   16:40-16:50       18.20
   20:20-20:50      102.90
   21:20-21:40       48.45

=== 2025-06-21 ===
表 1 购电量（kWh）
           时间段         计划购电量         调整购电量
   10:00-10:10          0.00          0.00
   12:00-12:10          0.00          0.00
   14:00-14:10          0.00          0.00
   16:00-16:10        153.95        131.61
   18:00-18:10        385.88        385.88
   20:00-20:10          0.00          0.00
         全天购电量      33555.35      33518.27
         全天购电费      17675.34 元（计划 17308.83 + 减购违约 10.95 + 增购 0.00 + 紧急 355.56）
表 2 充放电量与储电量（kWh，执行值）
           时间段         充电量         放电量
     0:00-4:00       38.59     1026.07
     4:00-8:00     1216.41     1648.27
    8:00-12:00    10322.21        0.00
   12:00-16:00        0.00        0.00
   16:00-20:00        8.26     4993.36
   20:00-24:00     1743.52     2540.02
      0:00 储电量     3352.00
     24:00 储电量     4006.18
表 3 紧急购电量（kWh）
     6:50-7:20      119.96

=== 2025-09-23 ===
表 1 购电量（kWh）
           时间段         计划购电量         调整购电量
   10:00-10:10          0.00          0.00
   12:00-12:10        380.87          0.00
   14:00-14:10          0.00          0.00
   16:00-16:10        600.27        596.17
   18:00-18:10          0.00          0.00
   20:00-20:10         53.69         53.69
         全天购电量      67584.82      66381.68
         全天购电费      45062.64 元（计划 44745.73 + 减购违约 316.91 + 增购 0.00 + 紧急 0.00）
表 2 充放电量与储电量（kWh，执行值）
           时间段         充电量         放电量
     0:00-4:00     3841.65        7.81
     4:00-8:00     2007.13     5678.48
    8:00-12:00     4147.62     1896.62
   12:00-16:00     4953.33      403.62
   16:00-20:00       10.10     6339.78
   20:00-24:00     4771.43     1741.11
      0:00 储电量     6219.17
     24:00 储电量     6124.61
表 3 紧急购电量（kWh）
  （当日无紧急购电）

=== 2025-12-21 ===
表 1 购电量（kWh）
           时间段         计划购电量         调整购电量
   10:00-10:10          0.00          0.00
   12:00-12:10        909.40        914.70
   14:00-14:10          0.00          0.00
   16:00-16:10        843.68        871.48
   18:00-18:10        703.54        670.78
   20:00-20:10          0.00          0.00
         全天购电量      96686.90      95938.76
         全天购电费      73464.55 元（计划 71663.41 + 减购违约 848.96 + 增购 952.18 + 紧急 0.00）
表 2 充放电量与储电量（kWh，执行值）
           时间段         充电量         放电量
     0:00-4:00     1394.26       89.84
     4:00-8:00      205.26      880.34
    8:00-12:00     5019.90     7001.54
   12:00-16:00     7694.82     2524.83
   16:00-20:00       11.42     5566.23
   20:00-24:00     9670.53     2860.76
      0:00 储电量     9580.02
     24:00 储电量    10150.44
表 3 紧急购电量（kWh）
  （当日无紧急购电）

—— 问 4-3 2025-02-01→2025-12-31 汇总（334 天，预报时刻 0,6,12,18）——
  总费用           13716972.04 元
    计划费         13185716.69 元  = Σ p·min(G⁰,Gᵃ)
    减购违约费       139830.93 元  = Σ 0.5p·(G⁰−Gᵃ)⁺
    增购费           197839.72 元  = Σ 1.5p·(Gᵃ−G⁰)⁺
    紧急购电费       193584.70 元  = Σ 5p·E
  计划购电量       20667430.84 kWh
  实际购电量       20428212.25 kWh（Σ Gᵃ）
  紧急购电量          38118.94 kWh（占计划购电量 0.184%）
  平均每段调整量         12.67 kWh
  调整相关净费用      58008.79 元（购电侧 13523387.33 − 不调整基准 Σp·G⁰ 13465378.54）
  发生紧急购电的天数  86 / 334
  24:00 储电量均值    7327.82 kWh

—— 波动电价（问 4）与常数电价（问 2 / 问 3）的全年费用 ——
  问 4-2 总费用    14270606.71 元
  问 4-3 总费用    13716972.04 元
  问 4-3（同窗口）                  13716972.04 元  相对问 4-2   -553634.68（-3.880%）

总运行时间 2997.7s
