使用参数 K_L=35, K_P=7（默认（--skip-tuning））

回测 2025-01-01 → 2025-12-31（2025-02-01 起计入结果）
  [2025-03-01] 已完成 60 天，用时 54.6s
  [2025-03-31] 已完成 90 天，用时 109.6s
  [2025-04-30] 已完成 120 天，用时 160.2s
  [2025-05-30] 已完成 150 天，用时 212.5s
  [2025-06-29] 已完成 180 天，用时 269.3s
  [2025-07-29] 已完成 210 天，用时 326.0s
  [2025-08-28] 已完成 240 天，用时 379.6s
  [2025-09-27] 已完成 270 天，用时 428.3s
  [2025-10-27] 已完成 300 天，用时 480.3s
  [2025-11-26] 已完成 330 天，用时 538.2s
  [2025-12-26] 已完成 360 天，用时 598.8s

已写出 results/m30/result2_baseline.xlsx（334 行）

=== 2025-03-20 ===
表 1 计划购电量（kWh）
   10:00-10:10        0.00
   12:00-12:10      442.06
   14:00-14:10        0.00
   16:00-16:10      480.48
   18:00-18:10      658.08
   20:00-20:10        0.00
         全天购电量    64488.73
         全天购电费    46173.60 元（计划 39338.10 + 紧急 6835.50）
表 2 充放电量与储电量（kWh，执行值）
           时间段         充电量         放电量
     0:00-4:00      142.16      371.62
     4:00-8:00      882.42     5345.20
    8:00-12:00     5032.62     2777.38
   12:00-16:00     4372.76      128.36
   16:00-20:00       60.35     5264.70
   20:00-24:00     9653.92     2677.45
      0:00 储电量    10111.21
     24:00 储电量     9835.78
表 3 紧急购电量（kWh）
   14:40-14:50      126.36
   15:10-17:20      576.39
   17:50-18:50      234.76
   20:10-20:50      321.35
   21:20-21:40       41.28
（对照）点预测解的充放电量与 24:00 储电量
     0:00-4:00        0.00        0.00
     4:00-8:00      765.33     6092.62
    8:00-12:00     5695.05     2547.38
   12:00-16:00     5189.25      176.28
   16:00-20:00        0.00     5769.80
   20:00-24:00    10000.00     2870.20
     24:00 储电量    10200.00

=== 2025-06-21 ===
表 1 计划购电量（kWh）
   10:00-10:10        0.00
   12:00-12:10        0.00
   14:00-14:10        0.00
   16:00-16:10      117.92
   18:00-18:10      346.26
   20:00-20:10        0.00
         全天购电量    34639.85
         全天购电费    20896.09 元（计划 20243.15 + 紧急 652.94）
表 2 充放电量与储电量（kWh，执行值）
           时间段         充电量         放电量
     0:00-4:00       16.09     2657.05
     4:00-8:00      344.45     4512.30
    8:00-12:00    10322.21        0.00
   12:00-16:00        0.00        0.00
   16:00-20:00        4.20     4940.23
   20:00-24:00     8208.12     2521.67
      0:00 储电量     9151.45
     24:00 储电量     9900.08
表 3 紧急购电量（kWh）
     5:30-5:50       22.43
     6:50-7:20      145.09
（对照）点预测解的充放电量与 24:00 储电量
     0:00-4:00        0.00     2489.49
     4:00-8:00        0.00     4666.82
    8:00-12:00     2784.05        0.00
   12:00-16:00     7882.61        0.00
   16:00-20:00        0.00     6185.87
   20:00-24:00    10000.00     2454.13
     24:00 储电量    10200.00

=== 2025-09-23 ===
表 1 计划购电量（kWh）
   10:00-10:10        0.00
   12:00-12:10      332.53
   14:00-14:10        0.00
   16:00-16:10      564.95
   18:00-18:10      724.68
   20:00-20:10       53.69
         全天购电量    66357.76
         全天购电费    42713.75 元（计划 42713.75 + 紧急 0.00）
表 2 充放电量与储电量（kWh，执行值）
           时间段         充电量         放电量
     0:00-4:00     3184.29       22.70
     4:00-8:00     1356.13     4553.29
    8:00-12:00     3719.70     1896.62
   12:00-16:00     4170.30      605.91
   16:00-20:00      135.95     5742.61
   20:00-24:00     5661.05     2484.88
      0:00 储电量     6935.55
     24:00 储电量     6333.56
表 3 紧急购电量（kWh）
  （当日无紧急购电）
（对照）点预测解的充放电量与 24:00 储电量
     0:00-4:00     3460.50        0.00
     4:00-8:00      833.33     6718.81
    8:00-12:00     5208.10     1921.19
   12:00-16:00     5507.17       39.36
   16:00-20:00        0.00     5633.61
   20:00-24:00    10000.00     3006.39
     24:00 储电量    10200.00

=== 2025-12-21 ===
表 1 计划购电量（kWh）
   10:00-10:10        0.00
   12:00-12:10      875.22
   14:00-14:10        0.00
   16:00-16:10      861.68
   18:00-18:10      681.63
   20:00-20:10        0.00
         全天购电量    96439.86
         全天购电费    62681.72 元（计划 62681.72 + 紧急 0.00）
表 2 充放电量与储电量（kWh，执行值）
           时间段         充电量         放电量
     0:00-4:00      685.06      145.60
     4:00-8:00     1580.34     1552.13
    8:00-12:00     5115.60     6282.84
   12:00-16:00     6495.13     2391.08
   16:00-20:00       12.15     5381.47
   20:00-24:00     9587.52     2856.67
      0:00 储电量     9835.54
     24:00 储电量    10286.22
表 3 紧急购电量（kWh）
  （当日无紧急购电）
（对照）点预测解的充放电量与 24:00 储电量
     0:00-4:00      238.28        0.00
     4:00-8:00     1666.67     1508.33
    8:00-12:00     5833.33     7806.67
   12:00-16:00     8022.06     2582.87
   16:00-20:00        0.00     5697.24
   20:00-24:00    10000.00     2942.76
     24:00 储电量    10200.00

—— 2025-02-01→2025-12-31 汇总（334 天）——
  总费用         13566396.26 元
    计划购电费   12782975.11 元
    紧急购电费     783421.15 元
  计划购电量     20652378.95 kWh
  紧急购电量       143647.07 kWh（占计划购电量 0.696%）
  发生紧急购电的天数  112 / 334
  24:00 储电量均值    9245.64 kWh

求解用时 608.7s，总运行时间 609.6s
