使用参数 K_L=6, K_P=7（论文基线默认）

回测 2025-01-01 → 2025-12-31（2025-02-01 起计入结果），预报时刻 (0, 6)
  [2025-03-01] 已完成 60 天，
  [2025-03-31] 已完成 90 天，
  [2025-04-30] 已完成 120 天，
  [2025-05-30] 已完成 150 天，
  [2025-06-29] 已完成 180 天，
  [2025-07-29] 已完成 210 天，
  [2025-08-28] 已完成 240 天，
  [2025-09-27] 已完成 270 天，
  [2025-10-27] 已完成 300 天，
  [2025-11-26] 已完成 330 天，
  [2025-12-26] 已完成 360 天，
  用时 990.8s

已写出 results/m30/result3_06.xlsx（334 行）

=== 2025-03-20 ===
表 1 购电量（kWh）
           时间段         计划购电量         调整购电量
   10:00-10:10          0.00          0.00
   12:00-12:10        518.15        456.25
   14:00-14:10          0.00          0.00
   16:00-16:10        545.70        518.24
   18:00-18:10        658.00        658.00
   20:00-20:10          0.00          0.00
         全天购电量      65852.03      63323.99
         全天购电费      53027.36 元（计划 38713.49 + 减购违约 714.89 + 增购 0.00 + 紧急 13598.97）
表 2 充放电量与储电量（kWh，执行值）
           时间段         充电量         放电量
     0:00-4:00      163.39      372.85
     4:00-8:00      853.46     5865.29
    8:00-12:00     4210.98     2644.80
   12:00-16:00     4113.87        0.00
   16:00-20:00      126.20     4707.71
   20:00-24:00     9672.15     2187.15
      0:00 储电量    10154.77
     24:00 储电量     9849.92
表 3 紧急购电量（kWh）
    9:20-10:00      132.58
   14:10-15:00      300.70
   15:20-15:40       35.56
   15:50-16:30       98.33
   16:40-17:00       31.62
   17:50-18:50      408.86
   19:10-19:20      392.60
   20:10-20:50      804.00
   21:20-21:40       43.35

=== 2025-06-21 ===
表 1 购电量（kWh）
           时间段         计划购电量         调整购电量
   10:00-10:10          0.00          0.00
   12:00-12:10          0.00          0.00
   14:00-14:10          0.00          0.00
   16:00-16:10        158.03        150.00
   18:00-18:10        294.69        294.69
   20:00-20:10          0.00          0.00
         全天购电量      34523.93      34498.49
         全天购电费      20630.64 元（计划 20132.54 + 减购违约 10.77 + 增购 0.00 + 紧急 487.33）
表 2 充放电量与储电量（kWh，执行值）
           时间段         充电量         放电量
     0:00-4:00       37.60     2635.35
     4:00-8:00      354.67     4779.30
    8:00-12:00    10322.21        0.00
   12:00-16:00        0.00        0.00
   16:00-20:00        6.59     4984.47
   20:00-24:00     8296.77     2523.72
      0:00 储电量     9395.47
     24:00 储电量     9930.59
表 3 紧急购电量（kWh）
     6:50-7:20      119.74

=== 2025-09-23 ===
表 1 购电量（kWh）
           时间段         计划购电量         调整购电量
   10:00-10:10          0.00          0.00
   12:00-12:10        351.77        351.77
   14:00-14:10          0.00          0.00
   16:00-16:10        607.38        607.38
   18:00-18:10        738.85        738.85
   20:00-20:10         53.69         53.69
         全天购电量      67138.88      67138.88
         全天购电费      43172.29 元（计划 43172.29 + 减购违约 0.00 + 增购 0.00 + 紧急 0.00）
表 2 充放电量与储电量（kWh，执行值）
           时间段         充电量         放电量
     0:00-4:00     3360.26       45.81
     4:00-8:00     1126.44     5080.10
    8:00-12:00     3800.56     1896.62
   12:00-16:00     5164.47      403.62
   16:00-20:00        8.38     5688.72
   20:00-24:00     5612.81     2437.91
      0:00 储电量     6944.73
     24:00 储电量     6829.49
表 3 紧急购电量（kWh）
  （当日无紧急购电）

=== 2025-12-21 ===
表 1 购电量（kWh）
           时间段         计划购电量         调整购电量
   10:00-10:10          0.00          0.00
   12:00-12:10        909.40        786.33
   14:00-14:10          0.00          0.00
   16:00-16:10        843.68        843.68
   18:00-18:10        681.63        681.63
   20:00-20:10          0.00          0.00
         全天购电量      96688.89      94925.99
         全天购电费      61925.55 元（计划 61260.84 + 减购违约 664.71 + 增购 0.00 + 紧急 0.00）
表 2 充放电量与储电量（kWh，执行值）
           时间段         充电量         放电量
     0:00-4:00      807.32       71.28
     4:00-8:00     1559.69     1602.88
    8:00-12:00     5040.31     7015.16
   12:00-16:00     7059.89     2392.41
   16:00-20:00      349.86     5434.70
   20:00-24:00     9594.57     2862.31
      0:00 储电量     9673.39
     24:00 储电量    10111.93
表 3 紧急购电量（kWh）
  （当日无紧急购电）

—— 2025-02-01→2025-12-31 汇总（334 天，预报时刻 0,6）——
  总费用           13312853.41 元
    计划费         12609444.12 元  = Σ p·min(G⁰,Gᵃ)
    减购违约费        78901.07 元  = Σ 0.5p·(G⁰−Gᵃ)⁺
    增购费           270629.91 元  = Σ 1.5p·(Gᵃ−G⁰)⁺
    紧急购电费       353878.30 元  = Σ 5p·E
  计划购电量       20673733.95 kWh
  实际购电量       20712461.64 kWh（Σ Gᵃ）
  紧急购电量          65971.66 kWh（占计划购电量 0.319%）
  平均每段调整量         11.12 kWh
  调整相关净费用     191728.84 元（购电侧 12958975.11 − 不调整基准 Σp·G⁰ 12767246.27）
  发生紧急购电的天数  99 / 334
  24:00 储电量均值    9254.26 kWh

总运行时间 992.5s
