使用参数 K_L=4, K_P=5（默认（--skip-tuning））

回测 2025-01-01 → 2025-12-31（2025-02-01 起计入结果）
  [2025-01-30] 已完成 30 天，用时 27.5s
  [2025-03-01] 已完成 60 天，用时 70.4s
  [2025-03-31] 已完成 90 天，用时 120.6s
  [2025-04-30] 已完成 120 天，用时 164.1s
  [2025-05-30] 已完成 150 天，用时 206.0s
  [2025-06-29] 已完成 180 天，用时 248.9s
  [2025-07-29] 已完成 210 天，用时 288.9s
  [2025-08-28] 已完成 240 天，用时 326.3s
  [2025-09-27] 已完成 270 天，用时 366.0s
  [2025-10-27] 已完成 300 天，用时 405.0s
  [2025-11-26] 已完成 330 天，用时 448.3s
  [2025-12-26] 已完成 360 天，用时 492.9s

已写出 results/result2.xlsx（334 行）

=== 2025-03-20 ===
表 1 计划购电量（kWh）
   10:00-10:10        0.00
   12:00-12:10      519.73
   14:00-14:10        0.00
   16:00-16:10      469.70
   18:00-18:10      643.40
   20:00-20:10        0.00
         全天购电量    59810.65
         全天购电费    44994.09 元（计划 37040.37 + 紧急 7953.72）
表 2 充放电量与储电量（kWh，执行值）
           时间段         充电量         放电量
     0:00-4:00     1231.85      183.54
     4:00-8:00     1012.42     5610.36
    8:00-12:00     5000.99     2777.38
   12:00-16:00     4609.88       70.29
   16:00-20:00       74.84     5512.26
   20:00-24:00     3725.11     2555.15
      0:00 储电量     8972.47
     24:00 储电量     4496.52
表 3 紧急购电量（kWh）
   14:10-14:30       58.07
   14:40-15:00      129.12
   15:10-17:20      484.92
   18:00-18:50      283.35
   20:10-20:50      428.05
   21:10-21:40       77.53
（对照）点预测解的充放电量与 24:00 储电量
     0:00-4:00     1197.26        0.00
     4:00-8:00      833.33     6071.66
    8:00-12:00     6177.71     2568.34
   12:00-16:00     4825.83      272.87
   16:00-20:00        0.00     5782.08
   20:00-24:00     3673.05     2857.92
     24:00 储电量     4505.75

=== 2025-06-21 ===
表 1 计划购电量（kWh）
   10:00-10:10        0.00
   12:00-12:10        0.00
   14:00-14:10        0.00
   16:00-16:10      164.84
   18:00-18:10      443.67
   20:00-20:10        0.00
         全天购电量    39462.64
         全天购电费    23370.48 元（计划 23370.48 + 紧急 0.00）
表 2 充放电量与储电量（kWh，执行值）
           时间段         充电量         放电量
     0:00-4:00      259.72      275.11
     4:00-8:00      415.65     3088.05
    8:00-12:00    10012.88        0.00
   12:00-16:00        0.00        0.00
   16:00-20:00       41.90     4216.82
   20:00-24:00     7402.20     2475.60
      0:00 储电量     4917.42
     24:00 储电量    10063.66
表 3 紧急购电量（kWh）
  （当日无紧急购电）
（对照）点预测解的充放电量与 24:00 储电量
     0:00-4:00        0.00        0.00
     4:00-8:00        0.00     3345.68
    8:00-12:00     4141.31        0.00
   12:00-16:00     6525.35        0.00
   16:00-20:00        0.00     6139.98
   20:00-24:00     8166.67     2500.02
     24:00 储电量     8550.00

=== 2025-09-23 ===
表 1 计划购电量（kWh）
   10:00-10:10        0.00
   12:00-12:10      505.02
   14:00-14:10        0.00
   16:00-16:10      536.57
   18:00-18:10      733.95
   20:00-20:10       11.39
         全天购电量    68115.98
         全天购电费    43835.56 元（计划 42594.75 + 紧急 1240.80）
表 2 充放电量与储电量（kWh，执行值）
           时间段         充电量         放电量
     0:00-4:00     1484.56       67.09
     4:00-8:00     1012.26     5720.20
    8:00-12:00     5562.25     1896.62
   12:00-16:00     4384.50      465.28
   16:00-20:00       26.24     6000.43
   20:00-24:00     8289.12     2660.83
      0:00 储电量     8655.44
     24:00 储电量     8660.21
表 3 紧急购电量（kWh）
   20:10-21:00      195.94
（对照）点预测解的充放电量与 24:00 储电量
     0:00-4:00     1549.51        0.00
     4:00-8:00      833.33     6638.80
    8:00-12:00     5214.64     2001.20
   12:00-16:00     5515.50       51.41
   16:00-20:00        0.00     5597.05
   20:00-24:00     8166.67     3042.95
     24:00 储电量     8550.00

=== 2025-12-21 ===
表 1 计划购电量（kWh）
   10:00-10:10        0.00
   12:00-12:10      895.16
   14:00-14:10        0.00
   16:00-16:10      844.68
   18:00-18:10      668.53
   20:00-20:10        0.00
         全天购电量    93769.03
         全天购电费    60368.18 元（计划 60368.18 + 紧急 0.00）
表 2 充放电量与储电量（kWh，执行值）
           时间段         充电量         放电量
     0:00-4:00     1689.19       83.06
     4:00-8:00     1864.71     1750.26
    8:00-12:00     5047.40     6832.53
   12:00-16:00     7004.12     2415.07
   16:00-20:00      272.60     5722.26
   20:00-24:00     8252.84     2916.12
      0:00 储电量     8790.72
     24:00 储电量     8598.16
表 3 紧急购电量（kWh）
  （当日无紧急购电）
（对照）点预测解的充放电量与 24:00 储电量
     0:00-4:00     1399.20        0.00
     4:00-8:00     1666.67     1508.33
    8:00-12:00     5833.33     7806.67
   12:00-16:00     7725.68     2342.80
   16:00-20:00        0.00     5732.23
   20:00-24:00     8166.67     2907.77
     24:00 储电量     8550.00

—— 2025-02-01→2025-12-31 汇总（334 天）——
  总费用         13710744.19 元
    计划购电费   12743607.54 元
    紧急购电费     967136.65 元
  计划购电量     20645960.34 kWh
  紧急购电量       185339.33 kWh（占计划购电量 0.898%）
  发生紧急购电的天数  145 / 334
  24:00 储电量均值    7306.16 kWh

求解用时 500.5s，总运行时间 501.6s
