使用参数 K_L=6, K_P=7（问 2 选定值（--skip-tuning））

回测 2025-01-01 → 2025-12-31（2025-02-01 起计入结果），预报时刻 (0, 6, 12, 18)
  [2025-01-30] 已完成 30 天，用时 73.5s
  [2025-03-01] 已完成 60 天，用时 194.8s
  [2025-03-31] 已完成 90 天，用时 298.4s
  [2025-04-30] 已完成 120 天，用时 401.0s
  [2025-05-30] 已完成 150 天，用时 500.8s
  [2025-06-29] 已完成 180 天，用时 591.4s
  [2025-07-29] 已完成 210 天，用时 682.6s
  [2025-08-28] 已完成 240 天，用时 766.6s
  [2025-09-27] 已完成 270 天，用时 856.8s
  [2025-10-27] 已完成 300 天，用时 951.5s
  [2025-11-26] 已完成 330 天，用时 1044.4s
  [2025-12-26] 已完成 360 天，用时 1147.3s
  用时 1165.0s

已写出 results/result3.xlsx（334 行）

=== 2025-03-20 ===
表 1 购电量（kWh）
           时间段         计划购电量         调整购电量
   10:00-10:10          0.00          0.00
   12:00-12:10        594.20        558.81
   14:00-14:10          0.00          0.00
   16:00-16:10        683.27        518.03
   18:00-18:10        674.08        684.34
   20:00-20:10          0.00          0.00
         全天购电量      63904.26      60853.60
         全天购电费      42522.89 元（计划 38065.77 + 减购违约 1156.29 + 增购 250.12 + 紧急 3050.72）
表 2 充放电量与储电量（kWh，执行值）
           时间段         充电量         放电量
     0:00-4:00     1104.59      142.92
     4:00-8:00      997.62     5981.68
    8:00-12:00     3687.89     2534.17
   12:00-16:00     6507.45      134.20
   16:00-20:00      213.23     5431.12
   20:00-24:00     3657.06     2924.73
      0:00 储电量     8928.86
     24:00 储电量     4425.67
表 3 紧急购电量（kWh）
    9:10-10:00      243.21
   14:40-14:50      120.52
   15:40-16:20       92.39
   16:40-17:00       13.79
   20:10-20:50       73.59
   21:20-21:50       77.41

=== 2025-06-21 ===
表 1 购电量（kWh）
           时间段         计划购电量         调整购电量
   10:00-10:10          0.00          0.00
   12:00-12:10          0.00          0.00
   14:00-14:10          0.00          0.00
   16:00-16:10        193.81        193.81
   18:00-18:10        441.99        441.99
   20:00-20:10          0.00          0.00
         全天购电量      40057.91      40033.49
         全天购电费      23293.81 元（计划 23278.52 + 减购违约 15.29 + 增购 0.00 + 紧急 0.00）
表 2 充放电量与储电量（kWh，执行值）
           时间段         充电量         放电量
     0:00-4:00      477.40      266.25
     4:00-8:00      460.89     2036.71
    8:00-12:00     9589.78        0.00
   12:00-16:00        0.00        0.00
   16:00-20:00       57.26     4439.06
   20:00-24:00     7199.62     2492.86
      0:00 储电量     3883.58
     24:00 储电量     9629.07
表 3 紧急购电量（kWh）
  （当日无紧急购电）

=== 2025-09-23 ===
表 1 购电量（kWh）
           时间段         计划购电量         调整购电量
   10:00-10:10          0.00          0.00
   12:00-12:10        360.91        302.24
   14:00-14:10          0.00          0.00
   16:00-16:10        609.06        543.90
   18:00-18:10        736.12        736.12
   20:00-20:10          1.05          1.05
         全天购电量      70685.08      66628.44
         全天购电费      44027.88 元（计划 41923.55 + 减购违约 1328.64 + 增购 0.00 + 紧急 775.69）
表 2 充放电量与储电量（kWh，执行值）
           时间段         充电量         放电量
     0:00-4:00     2489.13       30.73
     4:00-8:00     1161.34     5947.69
    8:00-12:00     4656.97     1896.62
   12:00-16:00     5254.76      433.92
   16:00-20:00       82.99     5975.37
   20:00-24:00     7817.41     2572.95
      0:00 储电量     7638.88
     24:00 储电量     8224.91
表 3 紧急购电量（kWh）
   20:20-20:30        0.45
   20:40-21:10      127.14
   21:30-21:50       30.61

=== 2025-12-21 ===
表 1 购电量（kWh）
           时间段         计划购电量         调整购电量
   10:00-10:10        240.35        240.35
   12:00-12:10       1049.14        891.60
   14:00-14:10          0.00          0.00
   16:00-16:10        865.57        865.57
   18:00-18:10        677.31        677.31
   20:00-20:10          0.00          0.00
         全天购电量      97107.21      94583.36
         全天购电费      62049.27 元（计划 61209.19 + 减购违约 792.56 + 增购 47.52 + 紧急 0.00）
表 2 充放电量与储电量（kWh，执行值）
           时间段         充电量         放电量
     0:00-4:00     1885.99      255.06
     4:00-8:00     2013.38     1917.86
    8:00-12:00     5544.84     5909.97
   12:00-16:00     5994.12     2564.06
   16:00-20:00       31.98     5724.32
   20:00-24:00     8261.09     2868.06
      0:00 储电量     8735.43
     24:00 储电量     8716.67
表 3 紧急购电量（kWh）
  （当日无紧急购电）

—— 2025-02-01→2025-12-31 汇总（334 天，预报时刻 0,6,12,18）——
  总费用           13296753.84 元
    计划费         12512487.46 元  = Σ p·min(G⁰,Gᵃ)
    减购违约费       238764.94 元  = Σ 0.5p·(G⁰−Gᵃ)⁺
    增购费           257432.39 元  = Σ 1.5p·(Gᵃ−G⁰)⁺
    紧急购电费       288069.06 元  = Σ 5p·E
  计划购电量       20933390.74 kWh
  实际购电量       20466752.20 kWh（Σ Gᵃ）
  紧急购电量          63471.15 kWh（占计划购电量 0.303%）
  平均每段调整量         20.74 kWh
  调整相关净费用      18667.46 元（购电侧 13008684.79 − 不调整基准 Σp·G⁰ 12990017.33）
  发生紧急购电的天数  129 / 334
  24:00 储电量均值    7310.58 kWh

总运行时间 1166.7s
