  [2025-01-01] 已完成 1 天，用时 0.0s
  [2025-01-02] 已完成 2 天，用时 0.0s
  [2025-01-03] 已完成 3 天，用时 0.0s
  [2025-01-04] 已完成 4 天，用时 0.0s
  [2025-01-05] 已完成 5 天，用时 0.0s
  [2025-01-06] 已完成 6 天，用时 0.0s
  [2025-01-07] 已完成 7 天，用时 0.0s
  [2025-01-08] 已完成 8 天，用时 0.0s
  [2025-01-09] 已完成 9 天，用时 0.1s
  [2025-01-10] 已完成 10 天，用时 0.1s
  [2025-01-11] 已完成 11 天，用时 0.1s
  [2025-01-12] 已完成 12 天，用时 0.1s
  [2025-01-13] 已完成 13 天，用时 0.1s
  [2025-01-14] 已完成 14 天，用时 0.1s
  [2025-01-15] 已完成 15 天，用时 0.1s
  [2025-01-16] 已完成 16 天，用时 0.1s
  [2025-01-17] 已完成 17 天，用时 0.1s
  [2025-01-18] 已完成 18 天，用时 0.1s
  [2025-01-19] 已完成 19 天，用时 0.1s
  [2025-01-20] 已完成 20 天，用时 0.1s
  [2025-01-21] 已完成 21 天，用时 0.1s
  [2025-01-22] 已完成 22 天，用时 0.2s
  [2025-01-23] 已完成 23 天，用时 0.2s
  [2025-01-24] 已完成 24 天，用时 0.2s
  [2025-01-25] 已完成 25 天，用时 0.2s
  [2025-01-26] 已完成 26 天，用时 0.2s
  [2025-01-27] 已完成 27 天，用时 0.2s
  [2025-01-28] 已完成 28 天，用时 0.2s
  [2025-01-29] 已完成 29 天，用时 0.3s
  [2025-01-30] 已完成 30 天，用时 0.3s
  [2025-01-31] 已完成 31 天，用时 0.3s
  [2025-02-01] 已完成 32 天，用时 1.0s
  [2025-02-02] 已完成 33 天，用时 8.4s
  [2025-02-03] 已完成 34 天，用时 23.5s
  [2025-02-04] 已完成 35 天，用时 39.4s
  [2025-02-05] 已完成 36 天，用时 56.2s
  [2025-02-06] 已完成 37 天，用时 73.5s
  [2025-02-07] 已完成 38 天，用时 80.0s
  [2025-02-08] 已完成 39 天，用时 87.2s
  [2025-02-09] 已完成 40 天，用时 105.0s
  [2025-02-10] 已完成 41 天，用时 123.8s
  [2025-02-11] 已完成 42 天，用时 143.3s
  [2025-02-12] 已完成 43 天，用时 163.6s
  [2025-02-13] 已完成 44 天，用时 184.4s
  [2025-02-14] 已完成 45 天，用时 192.2s
  [2025-02-15] 已完成 46 天，用时 200.6s
  [2025-02-16] 已完成 47 天，用时 221.3s
  [2025-02-17] 已完成 48 天，用时 242.2s
  [2025-02-18] 已完成 49 天，用时 262.8s
  [2025-02-19] 已完成 50 天，用时 284.8s
  [2025-02-20] 已完成 51 天，用时 306.4s
  [2025-02-21] 已完成 52 天，用时 315.4s
  [2025-02-22] 已完成 53 天，用时 325.1s
  [2025-02-23] 已完成 54 天，用时 347.3s
  [2025-02-24] 已完成 55 天，用时 369.0s
  [2025-02-25] 已完成 56 天，用时 391.4s
  [2025-02-26] 已完成 57 天，用时 414.0s
  [2025-02-27] 已完成 58 天，用时 436.3s
  [2025-02-28] 已完成 59 天，用时 446.5s
  [2025-03-01] 已完成 60 天，用时 457.4s
  [2025-03-02] 已完成 61 天，用时 479.6s
  [2025-03-03] 已完成 62 天，用时 501.6s
  [2025-03-04] 已完成 63 天，用时 523.9s
  [2025-03-05] 已完成 64 天，用时 546.0s
  [2025-03-06] 已完成 65 天，用时 568.7s
  [2025-03-07] 已完成 66 天，用时 580.2s
  [2025-03-08] 已完成 67 天，用时 592.4s
  [2025-03-09] 已完成 68 天，用时 613.7s
  [2025-03-10] 已完成 69 天，用时 635.9s
  [2025-03-11] 已完成 70 天，用时 657.3s
  [2025-03-12] 已完成 71 天，用时 679.0s
  [2025-03-13] 已完成 72 天，用时 700.4s
  [2025-03-14] 已完成 73 天，用时 713.0s
  [2025-03-15] 已完成 74 天，用时 726.3s
  [2025-03-16] 已完成 75 天，用时 748.3s
  [2025-03-17] 已完成 76 天，用时 770.4s
  [2025-03-18] 已完成 77 天，用时 792.1s
  [2025-03-19] 已完成 78 天，用时 813.1s
  [2025-03-20] 已完成 79 天，用时 834.0s
  [2025-03-21] 已完成 80 天，用时 847.8s
  [2025-03-22] 已完成 81 天，用时 862.4s
  [2025-03-23] 已完成 82 天，用时 883.6s
  [2025-03-24] 已完成 83 天，用时 905.0s
  [2025-03-25] 已完成 84 天，用时 926.9s
  [2025-03-26] 已完成 85 天，用时 948.5s
  [2025-03-27] 已完成 86 天，用时 969.3s
  [2025-03-28] 已完成 87 天，用时 984.3s
  [2025-03-29] 已完成 88 天，用时 1000.0s
  [2025-03-30] 已完成 89 天，用时 1021.1s
  [2025-03-31] 已完成 90 天，用时 1042.0s
  [2025-04-01] 已完成 91 天，用时 1063.2s
  [2025-04-02] 已完成 92 天，用时 1084.9s
Traceback (most recent call last):
  File "<frozen runpy>", line 203, in _run_module_as_main
  File "<frozen runpy>", line 88, in _run_code
  File "C:\Users\21340\microgrid-run\src\run_experiments.py", line 260, in <module>
    main()
    ~~~~^^
  File "C:\Users\21340\microgrid-run\src\run_experiments.py", line 231, in main
    result, bundle, params, source = _run(
                                     ~~~~^
        args.branch, args.variant, args.end, args.m, args.k_load, args.k_pv,
        ^^^^^^^^^^^^^^^^^^^^^^^^^^^^^^^^^^^^^^^^^^^^^^^^^^^^^^^^^^^^^^^^^^^^
    ...<2 lines>...
        checkpoint_tag=fingerprint,
        ^^^^^^^^^^^^^^^^^^^^^^^^^^^
    )
    ^
  File "C:\Users\21340\microgrid-run\src\run_experiments.py", line 105, in _run
    result = runner(WARMUP_START, end, params, bundle, record_from=RECORD_START,
                    soc_init=SOC_INIT, price_source=source, progress=progress,
                    checkpoint_path=checkpoint_path, resume=resume,
                    checkpoint_tag=checkpoint_tag)
  File "C:\Users\21340\microgrid-run\src\run_q2.py", line 434, in run_period
    save_checkpoint(
    ~~~~~~~~~~~~~~~^
        checkpoint_file, run_identity=run_identity, last_day=d,
        ^^^^^^^^^^^^^^^^^^^^^^^^^^^^^^^^^^^^^^^^^^^^^^^^^^^^^^^
        soc=soc, result=out, pending=pending, paths=library,
        ^^^^^^^^^^^^^^^^^^^^^^^^^^^^^^^^^^^^^^^^^^^^^^^^^^^^
        elapsed_s=prior_elapsed + time.perf_counter() - t_start,
        ^^^^^^^^^^^^^^^^^^^^^^^^^^^^^^^^^^^^^^^^^^^^^^^^^^^^^^^^
    )
    ^
  File "C:\Users\21340\microgrid-run\src\checkpoint.py", line 92, in save
    os.replace(temporary, path)
    ~~~~~~~~~~^^^^^^^^^^^^^^^^^
PermissionError: [WinError 5] 拒绝访问。: 'results\\m30\\checkpoints\\q4_2_same_type.pkl.tmp' -> 'results\\m30\\checkpoints\\q4_2_same_type.pkl'
