  [2025-01-01] 已完成 1 天，累计运行 0.0s，
  [2025-01-02] 已完成 2 天，累计运行 0.0s，
  [2025-01-03] 已完成 3 天，累计运行 0.0s，
  [2025-01-04] 已完成 4 天，累计运行 0.0s，
  [2025-01-05] 已完成 5 天，累计运行 0.0s，
  [2025-01-06] 已完成 6 天，累计运行 0.0s，
  [2025-01-07] 已完成 7 天，累计运行 0.0s，
  [2025-01-08] 已完成 8 天，累计运行 0.1s，
  [2025-01-09] 已完成 9 天，累计运行 0.1s，
  [2025-01-10] 已完成 10 天，累计运行 0.1s，
  [2025-01-11] 已完成 11 天，累计运行 0.1s，
  [2025-01-12] 已完成 12 天，累计运行 0.1s，
  [2025-01-13] 已完成 13 天，累计运行 0.1s，
  [2025-01-14] 已完成 14 天，累计运行 0.1s，
  [2025-01-15] 已完成 15 天，累计运行 0.1s，
  [2025-01-16] 已完成 16 天，累计运行 0.1s，
  [2025-01-17] 已完成 17 天，累计运行 0.1s，
  [2025-01-18] 已完成 18 天，累计运行 0.1s，
  [2025-01-19] 已完成 19 天，累计运行 0.1s，
  [2025-01-20] 已完成 20 天，累计运行 0.1s，
  [2025-01-21] 已完成 21 天，累计运行 0.1s，
  [2025-01-22] 已完成 22 天，累计运行 0.1s，
  [2025-01-23] 已完成 23 天，累计运行 0.1s，
  [2025-01-24] 已完成 24 天，累计运行 0.2s，
  [2025-01-25] 已完成 25 天，累计运行 0.2s，
  [2025-01-26] 已完成 26 天，累计运行 0.2s，
  [2025-01-27] 已完成 27 天，累计运行 0.2s，
  [2025-01-28] 已完成 28 天，累计运行 0.2s，
  [2025-01-29] 已完成 29 天，累计运行 0.2s，
  [2025-01-30] 已完成 30 天，累计运行 0.2s，
  [2025-01-31] 已完成 31 天，累计运行 0.2s，
  [2025-02-01] 已完成 32 天，累计运行 14.6s，
  [2025-02-02] 已完成 33 天，累计运行 40.8s，
  [2025-02-03] 已完成 34 天，累计运行 67.3s，
  [2025-02-04] 已完成 35 天，累计运行 94.1s，
  [2025-02-05] 已完成 36 天，累计运行 119.6s，
  [2025-02-06] 已完成 37 天，累计运行 145.3s，
  [2025-02-07] 已完成 38 天，累计运行 168.6s，
  [2025-02-08] 已完成 39 天，累计运行 191.1s，
  [2025-02-09] 已完成 40 天，累计运行 217.2s，
  [2025-02-10] 已完成 41 天，累计运行 242.8s，
  [2025-02-11] 已完成 42 天，累计运行 268.7s，
  [2025-02-12] 已完成 43 天，累计运行 294.5s，
  [2025-02-13] 已完成 44 天，累计运行 319.2s，
  [2025-02-14] 已完成 45 天，累计运行 340.9s，
  [2025-02-15] 已完成 46 天，累计运行 362.9s，
  [2025-02-16] 已完成 47 天，累计运行 388.2s，
  [2025-02-17] 已完成 48 天，累计运行 413.6s，
  [2025-02-18] 已完成 49 天，累计运行 438.1s，
  [2025-02-19] 已完成 50 天，累计运行 463.1s，
  [2025-02-20] 已完成 51 天，累计运行 487.9s，
  [2025-02-21] 已完成 52 天，累计运行 509.4s，
  [2025-02-22] 已完成 53 天，累计运行 531.3s，
  [2025-02-23] 已完成 54 天，累计运行 556.7s，
  [2025-02-24] 已完成 55 天，累计运行 581.9s，
  [2025-02-25] 已完成 56 天，累计运行 607.9s，
  [2025-02-26] 已完成 57 天，累计运行 632.6s，
  [2025-02-27] 已完成 58 天，累计运行 656.3s，
  [2025-02-28] 已完成 59 天，累计运行 677.7s，
  [2025-03-01] 已完成 60 天，累计运行 699.3s，
  [2025-03-02] 已完成 61 天，累计运行 724.2s，
  [2025-03-03] 已完成 62 天，累计运行 749.4s，
  [2025-03-04] 已完成 63 天，累计运行 774.2s，
  [2025-03-05] 已完成 64 天，累计运行 798.7s，
  [2025-03-06] 已完成 65 天，累计运行 823.2s，
  [2025-03-07] 已完成 66 天，累计运行 844.7s，
  [2025-03-08] 已完成 67 天，累计运行 866.1s，
  [2025-03-09] 已完成 68 天，累计运行 890.4s，
  [2025-03-10] 已完成 69 天，累计运行 914.6s，
  [2025-03-11] 已完成 70 天，累计运行 939.2s，
  [2025-03-12] 已完成 71 天，累计运行 963.9s，
  [2025-03-13] 已完成 72 天，累计运行 988.0s，
  [2025-03-14] 已完成 73 天，累计运行 1009.3s，
  [2025-03-15] 已完成 74 天，累计运行 1030.9s，
  [2025-03-16] 已完成 75 天，累计运行 1054.9s，
  [2025-03-17] 已完成 76 天，累计运行 1078.8s，
  [2025-03-18] 已完成 77 天，累计运行 1102.6s，
Traceback (most recent call last):
  File "<frozen runpy>", line 203, in _run_module_as_main
  File "<frozen runpy>", line 88, in _run_code
  File "C:\Users\21340\microgrid-run\src\run_experiments.py", line 260, in <module>
    main()
    ~~~~^^
  File "C:\Users\21340\microgrid-run\src\run_experiments.py", line 231, in main
    result, bundle, params, source = _run(
                                     ~~~~^
        args.branch, args.variant, args.end, args.m, args.k_load, args.k_pv,
        ^^^^^^^^^^^^^^^^^^^^^^^^^^^^^^^^^^^^^^^^^^^^^^^^^^^^^^^^^^^^^^^^^^^^
    ...<2 lines>...
        checkpoint_tag=fingerprint,
        ^^^^^^^^^^^^^^^^^^^^^^^^^^^
    )
    ^
  File "C:\Users\21340\microgrid-run\src\run_experiments.py", line 105, in _run
    result = runner(WARMUP_START, end, params, bundle, record_from=RECORD_START,
                    soc_init=SOC_INIT, price_source=source, progress=progress,
                    checkpoint_path=checkpoint_path, resume=resume,
                    checkpoint_tag=checkpoint_tag)
  File "C:\Users\21340\microgrid-run\src\run_q3.py", line 481, in run_period
    save_checkpoint(
    ~~~~~~~~~~~~~~~^
        checkpoint_file, run_identity=run_identity, last_day=d,
        ^^^^^^^^^^^^^^^^^^^^^^^^^^^^^^^^^^^^^^^^^^^^^^^^^^^^^^^
        soc=soc, result=out, pending=pending, paths=paths,
        ^^^^^^^^^^^^^^^^^^^^^^^^^^^^^^^^^^^^^^^^^^^^^^^^^^
        elapsed_s=prior_elapsed + time.perf_counter() - wall,
        ^^^^^^^^^^^^^^^^^^^^^^^^^^^^^^^^^^^^^^^^^^^^^^^^^^^^^
    )
    ^
  File "C:\Users\21340\microgrid-run\src\checkpoint.py", line 92, in save
    os.replace(temporary, path)
    ~~~~~~~~~~^^^^^^^^^^^^^^^^^
PermissionError: [WinError 5] 拒绝访问。: 'results\\m30\\checkpoints\\q4_3_legacy_means.pkl.tmp' -> 'results\\m30\\checkpoints\\q4_3_legacy_means.pkl'
