使用参数 K_p=4（默认（--skip-tuning））

K_L=6, K_P=7（问 2 在 1 月选定），M=12

问 4-2 回测 2025-01-01 → 2025-12-31（2025-02-01 起计入结果）
  [2025-01-30] 已完成 30 天，用时 28.4s
  [2025-03-01] 已完成 60 天，用时 72.7s
  [2025-03-31] 已完成 90 天，用时 123.4s
  [2025-04-30] 已完成 120 天，用时 166.9s
  [2025-05-30] 已完成 150 天，用时 208.9s
  [2025-06-29] 已完成 180 天，用时 252.0s
  [2025-07-29] 已完成 210 天，用时 291.2s
  [2025-08-28] 已完成 240 天，用时 329.5s
  [2025-09-27] 已完成 270 天，用时 369.1s
  [2025-10-27] 已完成 300 天，用时 408.5s
  [2025-11-26] 已完成 330 天，用时 454.6s
  [2025-12-26] 已完成 360 天，用时 498.9s
  用时 505.9s

已写出 results/result4-2.xlsx（334 行）

=== 2025-03-20 ===
表 1 计划购电量（kWh）
   10:00-10:10        0.00
   12:00-12:10      644.96
   14:00-14:10        0.00
   16:00-16:10      502.79
   18:00-18:10      679.64
   20:00-20:10      713.51
         全天购电量    62270.03
         全天购电费    42326.78 元（计划 39788.27 + 紧急 2538.51）
表 2 充放电量与储电量（kWh，执行值）
           时间段         充电量         放电量
     0:00-4:00     4293.51      188.47
     4:00-8:00     1899.49     5147.87
    8:00-12:00     5216.69     2777.38
   12:00-16:00     4855.60      518.64
   16:00-20:00       46.05     6902.27
   20:00-24:00      552.15     1509.95
      0:00 储电量     5330.49
     24:00 储电量     1569.21
表 3 紧急购电量（kWh）
   16:10-17:30       89.02
   19:20-19:30       22.34
   19:50-20:00       94.98
   20:10-20:40      144.66
   21:10-21:50       94.29
（对照）点预测解的充放电量与 24:00 储电量
     0:00-4:00     4410.57        0.00
     4:00-8:00     1666.67     6030.67
    8:00-12:00     6110.27     2609.33
   12:00-16:00     4958.98      326.09
   16:00-20:00        0.00     7202.79
   20:00-24:00        0.00     1437.21
     24:00 储电量     1200.00

=== 2025-06-21 ===
表 1 计划购电量（kWh）
   10:00-10:10        0.00
   12:00-12:10        0.00
   14:00-14:10        0.00
   16:00-16:10      194.27
   18:00-18:10      423.49
   20:00-20:10        0.00
         全天购电量    41321.63
         全天购电费    21184.80 元（计划 21184.80 + 紧急 0.00）
表 2 充放电量与储电量（kWh，执行值）
           时间段         充电量         放电量
     0:00-4:00      741.36     1350.20
     4:00-8:00     2149.37     2613.29
    8:00-12:00     9923.11        0.00
   12:00-16:00        0.00        0.00
   16:00-20:00       39.10     4294.89
   20:00-24:00     7478.39     2485.90
      0:00 储电量     3671.42
     24:00 储电量    10031.53
表 3 紧急购电量（kWh）
  （当日无紧急购电）
（对照）点预测解的充放电量与 24:00 储电量
     0:00-4:00        0.00     1162.16
     4:00-8:00      833.33     1737.12
    8:00-12:00     3981.52        0.00
   12:00-16:00     6685.14        0.00
   16:00-20:00        0.00     6203.72
   20:00-24:00     9000.00     2436.28
     24:00 储电量     9300.00

=== 2025-09-23 ===
表 1 计划购电量（kWh）
   10:00-10:10        0.00
   12:00-12:10      490.80
   14:00-14:10        0.00
   16:00-16:10      529.06
   18:00-18:10        0.00
   20:00-20:10        1.05
         全天购电量    68192.54
         全天购电费    46092.53 元（计划 44526.63 + 紧急 1565.90）
表 2 充放电量与储电量（kWh，执行值）
           时间段         充电量         放电量
     0:00-4:00     3457.46      129.38
     4:00-8:00     4202.99     5845.18
    8:00-12:00     4905.56     1896.62
   12:00-16:00     5066.32      440.13
   16:00-20:00       17.79     6266.74
   20:00-24:00     4110.41     2353.92
      0:00 储电量     4125.14
     24:00 储电量     4896.31
表 3 紧急购电量（kWh）
   20:10-20:20       18.19
   20:30-21:10      193.19
   21:20-22:00       46.27
（对照）点预测解的充放电量与 24:00 储电量
     0:00-4:00     4083.18        0.00
     4:00-8:00     3333.33     6675.75
    8:00-12:00     5142.37     1964.25
   12:00-16:00     5591.58       54.50
   16:00-20:00        0.00     6218.68
   20:00-24:00     3166.67     2421.32
     24:00 储电量     4050.00

=== 2025-12-21 ===
表 1 计划购电量（kWh）
   10:00-10:10        0.00
   12:00-12:10      864.80
   14:00-14:10        0.00
   16:00-16:10      860.25
   18:00-18:10      715.74
   20:00-20:10        0.00
         全天购电量    92709.00
         全天购电费    70719.11 元（计划 70719.11 + 紧急 0.00）
表 2 充放电量与储电量（kWh，执行值）
           时间段         充电量         放电量
     0:00-4:00      427.12       63.96
     4:00-8:00      144.48      891.60
    8:00-12:00     5297.52     7065.76
   12:00-16:00     7272.51     2333.86
   16:00-20:00       38.76     5365.13
   20:00-24:00     7604.59     2871.44
      0:00 储电量    10478.30
     24:00 储电量     8527.28
表 3 紧急购电量（kWh）
  （当日无紧急购电）
（对照）点预测解的充放电量与 24:00 储电量
     0:00-4:00      357.44        0.00
     4:00-8:00        0.00      833.33
    8:00-12:00     5833.33     7806.67
   12:00-16:00     7721.27     2339.23
   16:00-20:00        0.00     5728.29
   20:00-24:00     8166.67     2911.71
     24:00 储电量     8550.00

—— 问 4-2 2025-02-01→2025-12-31 汇总（334 天）——
  总费用         14492953.52 元
    计划购电费   13483964.06 元
    紧急购电费    1008989.46 元
  计划购电量     20684413.39 kWh
  紧急购电量       182448.59 kWh（占计划购电量 0.882%）
  发生紧急购电的天数  147 / 334
  24:00 储电量均值    5655.59 kWh

—— 波动电价（问 4）与常数电价（问 2 / 问 3）的全年费用 ——
  问 4-2 总费用    14492953.52 元

总运行时间 507.1s
