使用参数 K_p=4（默认（--skip-tuning））

K_L=6, K_P=7（问 2 在 1 月选定），M=12

问 4-3 回测 2025-01-01 → 2025-12-31（2025-02-01 起计入结果）
  [2025-01-30] 已完成 30 天，用时 74.9s
  [2025-03-01] 已完成 60 天，用时 200.6s
  [2025-03-31] 已完成 90 天，用时 306.0s
  [2025-04-30] 已完成 120 天，用时 410.1s
  [2025-05-30] 已完成 150 天，用时 510.4s
  [2025-06-29] 已完成 180 天，用时 603.3s
  [2025-07-29] 已完成 210 天，用时 691.6s
  [2025-08-28] 已完成 240 天，用时 777.2s
  [2025-09-27] 已完成 270 天，用时 869.5s
  [2025-10-27] 已完成 300 天，用时 968.3s
  [2025-11-26] 已完成 330 天，用时 1061.4s
  [2025-12-26] 已完成 360 天，用时 1166.2s
  用时 1180.0s

已写出 results/result4-3.xlsx（334 行）

=== 2025-03-20 ===
表 1 购电量（kWh）
           时间段         计划购电量         调整购电量
   10:00-10:10          0.00          0.00
   12:00-12:10        184.19        184.19
   14:00-14:10         73.73          0.00
   16:00-16:10        683.27        519.71
   18:00-18:10        679.37        679.37
   20:00-20:10        713.51        713.51
         全天购电量      64665.19      61643.81
         全天购电费      43988.38 元（计划 39609.12 + 减购违约 1278.72 + 增购 244.84 + 紧急 2855.71）
表 2 充放电量与储电量（kWh，执行值）
           时间段         充电量         放电量
     0:00-4:00     4395.89      121.90
     4:00-8:00     1743.63     6013.40
    8:00-12:00     5525.75     2482.29
   12:00-16:00     4697.53      167.05
   16:00-20:00      184.11     6816.52
   20:00-24:00      548.73     1558.94
      0:00 储电量     5249.55
     24:00 储电量     1568.83
表 3 紧急购电量（kWh）
    9:10-10:00      295.08
   14:40-14:50       29.04
   15:50-16:20       73.67
   16:40-16:50        6.39
   17:00-17:10        0.58
   20:10-20:50       68.26
   21:20-21:50       87.83

=== 2025-06-21 ===
表 1 购电量（kWh）
           时间段         计划购电量         调整购电量
   10:00-10:10          0.00          0.00
   12:00-12:10          0.00          0.00
   14:00-14:10          0.00          0.00
   16:00-16:10        217.46        217.46
   18:00-18:10        428.13        428.13
   20:00-20:10          0.00          0.00
         全天购电量      41120.04      41084.52
         全天购电费      20932.72 元（计划 20920.82 + 减购违约 11.91 + 增购 0.00 + 紧急 0.00）
表 2 充放电量与储电量（kWh，执行值）
           时间段         充电量         放电量
     0:00-4:00      592.45     1654.18
     4:00-8:00     1935.53     1904.22
    8:00-12:00     9617.97        0.00
   12:00-16:00        0.00        0.00
   16:00-20:00       41.27     4445.75
   20:00-24:00     7589.42     2485.90
      0:00 储电量     3822.43
     24:00 储电量     9965.79
表 3 紧急购电量（kWh）
  （当日无紧急购电）

=== 2025-09-23 ===
表 1 购电量（kWh）
           时间段         计划购电量         调整购电量
   10:00-10:10          0.00          0.00
   12:00-12:10        360.91        302.24
   14:00-14:10          0.00          0.00
   16:00-16:10        609.06        543.90
   18:00-18:10          0.00          0.00
   20:00-20:10          1.05          1.05
         全天购电量      70249.36      66644.92
         全天购电费      45844.28 元（计划 43949.17 + 减购违约 1272.69 + 增购 0.00 + 紧急 622.41）
表 2 充放电量与储电量（kWh，执行值）
           时间段         充电量         放电量
     0:00-4:00     3139.89       80.33
     4:00-8:00     4270.24     5965.44
    8:00-12:00     4614.92     1896.62
   12:00-16:00     5272.38      428.06
   16:00-20:00       65.60     5991.95
   20:00-24:00     4074.20     2528.35
      0:00 储电量     4330.02
     24:00 储电量     4856.03
表 3 紧急购电量（kWh）
   20:50-21:10       95.47
   21:30-22:00       35.88

=== 2025-12-21 ===
表 1 购电量（kWh）
           时间段         计划购电量         调整购电量
   10:00-10:10          0.00          0.00
   12:00-12:10       1049.14        857.93
   14:00-14:10          0.00          0.00
   16:00-16:10        837.43        848.10
   18:00-18:10        712.70        687.23
   20:00-20:10          0.00          0.00
         全天购电量      94588.35      91701.96
         全天购电费      71791.97 元（计划 70207.00 + 减购违约 1419.60 + 增购 165.37 + 紧急 0.00）
表 2 充放电量与储电量（kWh，执行值）
           时间段         充电量         放电量
     0:00-4:00      634.05      415.64
     4:00-8:00      394.61      892.32
    8:00-12:00     4788.36     5909.27
   12:00-16:00     6768.23     2661.37
   16:00-20:00       23.97     5716.96
   20:00-24:00     7707.64     2855.61
      0:00 储电量    10449.50
     24:00 储电量     8233.37
表 3 紧急购电量（kWh）
  （当日无紧急购电）

—— 问 4-3 2025-02-01→2025-12-31 汇总（334 天，预报时刻 0,6,12,18）——
  总费用           14002221.98 元
    计划费         13167548.14 元  = Σ p·min(G⁰,Gᵃ)
    减购违约费       268561.37 元  = Σ 0.5p·(G⁰−Gᵃ)⁺
    增购费           274814.74 元  = Σ 1.5p·(Gᵃ−G⁰)⁺
    紧急购电费       291297.73 元  = Σ 5p·E
  计划购电量       20950736.14 kWh
  实际购电量       20459541.74 kWh（Σ Gᵃ）
  紧急购电量          59046.74 kWh（占计划购电量 0.282%）
  平均每段调整量         21.18 kWh
  调整相关净费用       6253.36 元（购电侧 13710924.25 − 不调整基准 Σp·G⁰ 13704670.89）
  发生紧急购电的天数  124 / 334
  24:00 储电量均值    5529.77 kWh

—— 波动电价（问 4）与常数电价（问 2 / 问 3）的全年费用 ——
  问 4-3 总费用    14002221.98 元

总运行时间 1182.4s
